---
source: tui/src/app/agents_overview_tests.rs
assertion_line: 978
expression: "render_bottom_popup(&app.chat_widget,\n96).replace(&format!(\"{project}  1\"),\n&normalized_group).replace(&project, \"/tmp/project\")"
---
  Agent command center
  0 need input   0 working   1 ready
  ────────────────────────────────────────────────────────────────────────────────────────────
  /tmp/project  1                                     │ Task details
  › ○ Review parser  Ready                            │
                                                      │ Review parser
                                                      │ ○ Ready
                                                      │
                                                      │ Last message
                                                      │  Check     Result
                                                      │ ━━━━━━━━  ━━━━━━━━
                                                      │  Parser    Fixed
                                                      │
                                                      │ Project
                                                      │ /tmp/project
                                                      │ Model: Unknown
                                                      │
                                                      │
  New task
────────────────────────────────────────────────────────────────────────────────────────────────
› Describe a new task
────────────────────────────────────────────────────────────────────────────────────────────────
  ↑↓ navigate o resume enter open n new task w new worktree f search g group: project r rename
  x stop h hide a archive del delete ctrl+c quit
