---
source: tui/src/app/tests.rs
assertion_line: 6779
expression: "rendered.lines.iter().map(rendered_line_text).collect::<Vec<_>>().join(\"\\n\")"
---
latest user question

───────────────────────────────────────────────────────────────────────────────
CODEX

  Final answer:

   Pattern       Outcome
  ━━━━━━━━━━━━  ━━━━━━━━━━━
   Table tail    Preserved
───────────────────────────────────────────────────────────────────────────────
