---
source: tui/src/app/tests/pagination_completion_tests.rs
expression: "snapshots.join(\"\\n\\n--- next overlapping page ---\\n\\n\")"
---
Earlier messages are available — press ctrl + t to view the full transcript

CODEX

  Middle answer


  Worked for 2m 5s · done Sep 6, 2000 at 2:33 PM

--- next overlapping page ---

───────────────────────────────────────────────────────────────────────────────
YOU
│ Oldest prompt
───────────────────────────────────────────────────────────────────────────────


CODEX

  Oldest answer


  Worked for 2m 5s · done Sep 6, 2000 at 2:32 PM

───────────────────────────────────────────────────────────────────────────────
YOU
│ Middle prompt
───────────────────────────────────────────────────────────────────────────────


CODEX

  Middle answer


  Worked for 2m 5s · done Sep 6, 2000 at 2:33 PM
