---
source: tui/src/chatwidget/realtime_tests/caption_replay.rs
expression: rendered
---
───────────────────────────────────────────────────────────────────────────────
YOU
│ Typed question
───────────────────────────────────────────────────────────────────────────────

CODEX · Update

┊ Checking the typed request

┊ Typed reasoning summary
───────────────────────────────────────────────────────────────────────────────
YOU
│ spoken correction
───────────────────────────────────────────────────────────────────────────────
