---
source: tui/src/chatwidget/tests/app_server.rs
assertion_line: 1324
expression: combined
---

CODEX · Tool Calls

┊ • Waiting for 2 agents
┊   └ Robie [explorer]
┊     Ada [reviewer]



CODEX · Tool Calls

┊ • Finished waiting
┊   └ Robie [explorer]: Completed - Done
┊     Ada [reviewer]: Running
