---
source: tui/src/chatwidget/tests/status_and_layout.rs
expression: rendered
---
"                                                          "
"                                Integrated transcript UX  "
"› Ask Codex to do anything                                "
"                                                          "
"  Ready                                                   "
"  Context 0% used · Context 100% left                     "
