---
source: tui/src/history_cell/messages_tests.rs
expression: rendered
---
───────────────────────────────────────
CODEX · Update

┊ Checking the rendering path.
───────────────────────────────────────
───────────────────────────────────────
CODEX · Answer

  Checking the rendering path.
───────────────────────────────────────
